// Jest Snapshot v1, https://goo.gl/fbAQLP

exports[`NUsightSession and NUsightSessionClient handles scrubber seek requests from a browser client 1`] = `
[MockFunction] {
  "calls": [
    [
      "nuclear_join",
      {
        "address": "0.0.0.0",
        "name": "sample-000-300.nbs",
        "port": 1,
        "type": "nbs-scrubber",
      },
    ],
    [
      "message.Ping",
      {
        "hash": {
          "data": [
            140,
            225,
            88,
            47,
            160,
            234,
            220,
            132,
          ],
          "type": "Buffer",
        },
        "payload": {
          "data": [
            112,
            105,
            110,
            103,
            46,
            48,
          ],
          "type": "Buffer",
        },
        "peer": {
          "address": "0.0.0.0",
          "name": "sample-000-300.nbs",
          "port": 1,
          "type": "nbs-scrubber",
        },
        "reliable": true,
      },
      [Function],
    ],
    [
      "message.eye.ScrubberLoadRequest.Response",
      {
        "hash": {
          "data": [
            238,
            58,
            171,
            90,
            248,
            96,
            89,
            3,
          ],
          "type": "Buffer",
        },
        "payload": {
          "data": [
            10,
            4,
            8,
            1,
            16,
            1,
          ],
          "type": "Buffer",
        },
        "peer": {
          "address": "0.0.0.0",
          "name": "nusight",
          "port": 0,
        },
        "reliable": true,
      },
    ],
    [
      "message.Pong",
      {
        "hash": {
          "data": [
            55,
            197,
            99,
            54,
            82,
            101,
            115,
            187,
          ],
          "type": "Buffer",
        },
        "payload": undefined,
        "peer": {
          "address": "0.0.0.0",
          "name": "sample-000-300.nbs",
          "port": 1,
          "type": "nbs-scrubber",
        },
        "reliable": true,
      },
      [Function],
    ],
    [
      "message.Ping",
      {
        "hash": {
          "data": [
            140,
            225,
            88,
            47,
            160,
            234,
            220,
            132,
          ],
          "type": "Buffer",
        },
        "payload": {
          "data": [
            112,
            105,
            110,
            103,
            46,
            52,
            57,
          ],
          "type": "Buffer",
        },
        "peer": {
          "address": "0.0.0.0",
          "name": "sample-000-300.nbs",
          "port": 1,
          "type": "nbs-scrubber",
        },
        "reliable": true,
      },
      [Function],
    ],
    [
      "message.Pong",
      {
        "hash": {
          "data": [
            55,
            197,
            99,
            54,
            82,
            101,
            115,
            187,
          ],
          "type": "Buffer",
        },
        "payload": {
          "data": [
            112,
            111,
            110,
            103,
            46,
            52,
            57,
          ],
          "type": "Buffer",
        },
        "peer": {
          "address": "0.0.0.0",
          "name": "sample-000-300.nbs",
          "port": 1,
          "type": "nbs-scrubber",
        },
        "reliable": true,
      },
      [Function],
    ],
    [
      "message.eye.ScrubberSeekRequest.Response",
      {
        "hash": {
          "data": [
            31,
            157,
            124,
            141,
            189,
            216,
            175,
            140,
          ],
          "type": "Buffer",
        },
        "payload": {
          "data": [
            10,
            4,
            8,
            2,
            16,
            1,
          ],
          "type": "Buffer",
        },
        "peer": {
          "address": "0.0.0.0",
          "name": "nusight",
          "port": 0,
        },
        "reliable": true,
      },
    ],
  ],
  "results": [
    {
      "type": "return",
      "value": undefined,
    },
    {
      "type": "return",
      "value": undefined,
    },
    {
      "type": "return",
      "value": undefined,
    },
    {
      "type": "return",
      "value": undefined,
    },
    {
      "type": "return",
      "value": undefined,
    },
    {
      "type": "return",
      "value": undefined,
    },
    {
      "type": "return",
      "value": undefined,
    },
  ],
}
`;
